Copyright 1986-2018 Xilinx, Inc. All Rights Reserved.
-----------------------------------------------------------------------------------------------------------------------------------------------------------------------
| Tool Version : Vivado v.2018.2 (win64) Build 2258646 Thu Jun 14 20:03:12 MDT 2018
| Date         : Fri Oct 10 10:26:18 2025
| Host         : GwinBest_Laptop running 64-bit major release  (build 9200)
| Command      : report_methodology -file top_counter_methodology_drc_routed.rpt -pb top_counter_methodology_drc_routed.pb -rpx top_counter_methodology_drc_routed.rpx
| Design       : top_counter
| Device       : xc7a200tfbg676-2
| Speed File   : -2
| Design State : Routed
-----------------------------------------------------------------------------------------------------------------------------------------------------------------------

Report Methodology

Table of Contents
-----------------
1. REPORT SUMMARY
2. REPORT DETAILS

1. REPORT SUMMARY
-----------------
            Netlist: netlist
          Floorplan: design_1
      Design limits: <entire design considered>
             Max violations: <unlimited>
             Violations found: 53
+-----------+----------+------------------------------+------------+
| Rule      | Severity | Description                  | Violations |
+-----------+----------+------------------------------+------------+
| LUTAR-1   | Warning  | LUT drives async reset alert | 8          |
| TIMING-17 | Warning  | Non-clocked sequential cell  | 41         |
| TIMING-20 | Warning  | Non-clocked latch            | 4          |
+-----------+----------+------------------------------+------------+

2. REPORT DETAILS
-----------------
LUTAR-1#1 Warning
LUT drives async reset alert  
LUT cell cnt/FF0/cur_state_reg_LDC_i_1__2, with 2 or more inputs, drives asynchronous preset/clear pin(s) cnt/FF0/cur_state_reg_P/PRE. The LUT may glitch and trigger an unexpected reset, even if it is a properly timed path.
Related violations: <none>

LUTAR-1#2 Warning
LUT drives async reset alert  
LUT cell cnt/FF0/cur_state_reg_LDC_i_2__2, with 2 or more inputs, drives asynchronous preset/clear pin(s) cnt/FF0/cur_state_reg_C/CLR, cnt/FF0/cur_state_reg_LDC/CLR. The LUT may glitch and trigger an unexpected reset, even if it is a properly timed path.
Related violations: <none>

LUTAR-1#3 Warning
LUT drives async reset alert  
LUT cell cnt/FF1/cur_state_reg_LDC_i_1__1, with 2 or more inputs, drives asynchronous preset/clear pin(s) cnt/FF1/cur_state_reg_P/PRE. The LUT may glitch and trigger an unexpected reset, even if it is a properly timed path.
Related violations: <none>

LUTAR-1#4 Warning
LUT drives async reset alert  
LUT cell cnt/FF1/cur_state_reg_LDC_i_2__1, with 2 or more inputs, drives asynchronous preset/clear pin(s) cnt/FF1/cur_state_reg_C/CLR, cnt/FF1/cur_state_reg_LDC/CLR. The LUT may glitch and trigger an unexpected reset, even if it is a properly timed path.
Related violations: <none>

LUTAR-1#5 Warning
LUT drives async reset alert  
LUT cell cnt/FF2/cur_state_reg_LDC_i_1__0, with 2 or more inputs, drives asynchronous preset/clear pin(s) cnt/FF2/cur_state_reg_P/PRE. The LUT may glitch and trigger an unexpected reset, even if it is a properly timed path.
Related violations: <none>

LUTAR-1#6 Warning
LUT drives async reset alert  
LUT cell cnt/FF2/cur_state_reg_LDC_i_2__0, with 2 or more inputs, drives asynchronous preset/clear pin(s) cnt/FF2/cur_state_reg_C/CLR, cnt/FF2/cur_state_reg_LDC/CLR. The LUT may glitch and trigger an unexpected reset, even if it is a properly timed path.
Related violations: <none>

LUTAR-1#7 Warning
LUT drives async reset alert  
LUT cell cnt/FF3/cur_state_reg_LDC_i_1, with 2 or more inputs, drives asynchronous preset/clear pin(s) cnt/FF3/cur_state_reg_P/PRE. The LUT may glitch and trigger an unexpected reset, even if it is a properly timed path.
Related violations: <none>

LUTAR-1#8 Warning
LUT drives async reset alert  
LUT cell cnt/FF3/cur_state_reg_LDC_i_2, with 2 or more inputs, drives asynchronous preset/clear pin(s) cnt/FF3/cur_state_reg_C/CLR, cnt/FF3/cur_state_reg_LDC/CLR. The LUT may glitch and trigger an unexpected reset, even if it is a properly timed path.
Related violations: <none>

TIMING-17#1 Warning
Non-clocked sequential cell  
The clock pin cnt/FF0/cur_state_reg_C/C is not reached by a timing clock
Related violations: <none>

TIMING-17#2 Warning
Non-clocked sequential cell  
The clock pin cnt/FF0/cur_state_reg_P/C is not reached by a timing clock
Related violations: <none>

TIMING-17#3 Warning
Non-clocked sequential cell  
The clock pin cnt/FF1/cur_state_reg_C/C is not reached by a timing clock
Related violations: <none>

TIMING-17#4 Warning
Non-clocked sequential cell  
The clock pin cnt/FF1/cur_state_reg_P/C is not reached by a timing clock
Related violations: <none>

TIMING-17#5 Warning
Non-clocked sequential cell  
The clock pin cnt/FF2/cur_state_reg_C/C is not reached by a timing clock
Related violations: <none>

TIMING-17#6 Warning
Non-clocked sequential cell  
The clock pin cnt/FF2/cur_state_reg_P/C is not reached by a timing clock
Related violations: <none>

TIMING-17#7 Warning
Non-clocked sequential cell  
The clock pin cnt/FF3/cur_state_reg_C/C is not reached by a timing clock
Related violations: <none>

TIMING-17#8 Warning
Non-clocked sequential cell  
The clock pin cnt/FF3/cur_state_reg_P/C is not reached by a timing clock
Related violations: <none>

TIMING-17#9 Warning
Non-clocked sequential cell  
The clock pin div_inst/counter_reg[0]/C is not reached by a timing clock
Related violations: <none>

TIMING-17#10 Warning
Non-clocked sequential cell  
The clock pin div_inst/counter_reg[10]/C is not reached by a timing clock
Related violations: <none>

TIMING-17#11 Warning
Non-clocked sequential cell  
The clock pin div_inst/counter_reg[11]/C is not reached by a timing clock
Related violations: <none>

TIMING-17#12 Warning
Non-clocked sequential cell  
The clock pin div_inst/counter_reg[12]/C is not reached by a timing clock
Related violations: <none>

TIMING-17#13 Warning
Non-clocked sequential cell  
The clock pin div_inst/counter_reg[13]/C is not reached by a timing clock
Related violations: <none>

TIMING-17#14 Warning
Non-clocked sequential cell  
The clock pin div_inst/counter_reg[14]/C is not reached by a timing clock
Related violations: <none>

TIMING-17#15 Warning
Non-clocked sequential cell  
The clock pin div_inst/counter_reg[15]/C is not reached by a timing clock
Related violations: <none>

TIMING-17#16 Warning
Non-clocked sequential cell  
The clock pin div_inst/counter_reg[16]/C is not reached by a timing clock
Related violations: <none>

TIMING-17#17 Warning
Non-clocked sequential cell  
The clock pin div_inst/counter_reg[17]/C is not reached by a timing clock
Related violations: <none>

TIMING-17#18 Warning
Non-clocked sequential cell  
The clock pin div_inst/counter_reg[18]/C is not reached by a timing clock
Related violations: <none>

TIMING-17#19 Warning
Non-clocked sequential cell  
The clock pin div_inst/counter_reg[19]/C is not reached by a timing clock
Related violations: <none>

TIMING-17#20 Warning
Non-clocked sequential cell  
The clock pin div_inst/counter_reg[1]/C is not reached by a timing clock
Related violations: <none>

TIMING-17#21 Warning
Non-clocked sequential cell  
The clock pin div_inst/counter_reg[20]/C is not reached by a timing clock
Related violations: <none>

TIMING-17#22 Warning
Non-clocked sequential cell  
The clock pin div_inst/counter_reg[21]/C is not reached by a timing clock
Related violations: <none>

TIMING-17#23 Warning
Non-clocked sequential cell  
The clock pin div_inst/counter_reg[22]/C is not reached by a timing clock
Related violations: <none>

TIMING-17#24 Warning
Non-clocked sequential cell  
The clock pin div_inst/counter_reg[23]/C is not reached by a timing clock
Related violations: <none>

TIMING-17#25 Warning
Non-clocked sequential cell  
The clock pin div_inst/counter_reg[24]/C is not reached by a timing clock
Related violations: <none>

TIMING-17#26 Warning
Non-clocked sequential cell  
The clock pin div_inst/counter_reg[25]/C is not reached by a timing clock
Related violations: <none>

TIMING-17#27 Warning
Non-clocked sequential cell  
The clock pin div_inst/counter_reg[26]/C is not reached by a timing clock
Related violations: <none>

TIMING-17#28 Warning
Non-clocked sequential cell  
The clock pin div_inst/counter_reg[27]/C is not reached by a timing clock
Related violations: <none>

TIMING-17#29 Warning
Non-clocked sequential cell  
The clock pin div_inst/counter_reg[28]/C is not reached by a timing clock
Related violations: <none>

TIMING-17#30 Warning
Non-clocked sequential cell  
The clock pin div_inst/counter_reg[29]/C is not reached by a timing clock
Related violations: <none>

TIMING-17#31 Warning
Non-clocked sequential cell  
The clock pin div_inst/counter_reg[2]/C is not reached by a timing clock
Related violations: <none>

TIMING-17#32 Warning
Non-clocked sequential cell  
The clock pin div_inst/counter_reg[30]/C is not reached by a timing clock
Related violations: <none>

TIMING-17#33 Warning
Non-clocked sequential cell  
The clock pin div_inst/counter_reg[31]/C is not reached by a timing clock
Related violations: <none>

TIMING-17#34 Warning
Non-clocked sequential cell  
The clock pin div_inst/counter_reg[3]/C is not reached by a timing clock
Related violations: <none>

TIMING-17#35 Warning
Non-clocked sequential cell  
The clock pin div_inst/counter_reg[4]/C is not reached by a timing clock
Related violations: <none>

TIMING-17#36 Warning
Non-clocked sequential cell  
The clock pin div_inst/counter_reg[5]/C is not reached by a timing clock
Related violations: <none>

TIMING-17#37 Warning
Non-clocked sequential cell  
The clock pin div_inst/counter_reg[6]/C is not reached by a timing clock
Related violations: <none>

TIMING-17#38 Warning
Non-clocked sequential cell  
The clock pin div_inst/counter_reg[7]/C is not reached by a timing clock
Related violations: <none>

TIMING-17#39 Warning
Non-clocked sequential cell  
The clock pin div_inst/counter_reg[8]/C is not reached by a timing clock
Related violations: <none>

TIMING-17#40 Warning
Non-clocked sequential cell  
The clock pin div_inst/counter_reg[9]/C is not reached by a timing clock
Related violations: <none>

TIMING-17#41 Warning
Non-clocked sequential cell  
The clock pin div_inst/holder_reg/C is not reached by a timing clock
Related violations: <none>

TIMING-20#1 Warning
Non-clocked latch  
The latch cnt/FF0/cur_state_reg_LDC cannot be properly analyzed as its control pin cnt/FF0/cur_state_reg_LDC/G is not reached by a timing clock
Related violations: <none>

TIMING-20#2 Warning
Non-clocked latch  
The latch cnt/FF1/cur_state_reg_LDC cannot be properly analyzed as its control pin cnt/FF1/cur_state_reg_LDC/G is not reached by a timing clock
Related violations: <none>

TIMING-20#3 Warning
Non-clocked latch  
The latch cnt/FF2/cur_state_reg_LDC cannot be properly analyzed as its control pin cnt/FF2/cur_state_reg_LDC/G is not reached by a timing clock
Related violations: <none>

TIMING-20#4 Warning
Non-clocked latch  
The latch cnt/FF3/cur_state_reg_LDC cannot be properly analyzed as its control pin cnt/FF3/cur_state_reg_LDC/G is not reached by a timing clock
Related violations: <none>


