Copyright 1986-2018 Xilinx, Inc. All Rights Reserved.
----------------------------------------------------------------------------------------
| Tool Version : Vivado v.2018.2 (win64) Build 2258646 Thu Jun 14 20:03:12 MDT 2018
| Date         : Fri Oct 10 10:24:06 2025
| Host         : GwinBest_Laptop running 64-bit major release  (build 9200)
| Command      : report_control_sets -verbose -file top_counter_control_sets_placed.rpt
| Design       : top_counter
| Device       : xc7a200t
----------------------------------------------------------------------------------------

Control Set Information

Table of Contents
-----------------
1. Summary
2. Histogram
3. Flip-Flop Distribution
4. Detailed Control Set Information

1. Summary
----------

+----------------------------------------------------------+-------+
|                          Status                          | Count |
+----------------------------------------------------------+-------+
| Number of unique control sets                            |    14 |
| Unused register locations in slices containing registers |    78 |
+----------------------------------------------------------+-------+


2. Histogram
------------

+--------+--------------+
| Fanout | Control Sets |
+--------+--------------+
|      2 |           12 |
|      4 |            1 |
|    16+ |            1 |
+--------+--------------+


3. Flip-Flop Distribution
-------------------------

+--------------+-----------------------+------------------------+-----------------+--------------+
| Clock Enable | Synchronous Set/Reset | Asynchronous Set/Reset | Total Registers | Total Slices |
+--------------+-----------------------+------------------------+-----------------+--------------+
| No           | No                    | No                     |               4 |            1 |
| No           | No                    | Yes                    |              16 |            8 |
| No           | Yes                   | No                     |              70 |           12 |
| Yes          | No                    | No                     |               0 |            0 |
| Yes          | No                    | Yes                    |               0 |            0 |
| Yes          | Yes                   | No                     |               0 |            0 |
+--------------+-----------------------+------------------------+-----------------+--------------+


4. Detailed Control Set Information
-----------------------------------

+---------------------------------------+---------------+--------------------------------------+------------------+----------------+
|              Clock Signal             | Enable Signal |           Set/Reset Signal           | Slice Load Count | Bel Load Count |
+---------------------------------------+---------------+--------------------------------------+------------------+----------------+
|  cnt/FF0/cur_state_reg_LDC_i_1__2_n_0 |               | cnt/FF0/cur_state_reg_LDC_i_2__2_n_0 |                1 |              2 |
|  cnt/FF1/cur_state_reg_LDC_i_1__1_n_0 |               | cnt/FF1/cur_state_reg_LDC_i_2__1_n_0 |                1 |              2 |
|  cnt/FF2/cur_state_reg_LDC_i_1__0_n_0 |               | cnt/FF2/cur_state_reg_LDC_i_2__0_n_0 |                1 |              2 |
|  div_inst/CL                          |               | cnt/FF0/cur_state_reg_LDC_i_2__2_n_0 |                1 |              2 |
|  div_inst/CL                          |               | cnt/FF0/cur_state_reg_LDC_i_1__2_n_0 |                1 |              2 |
|  div_inst/CL                          |               | cnt/FF1/cur_state_reg_LDC_i_1__1_n_0 |                1 |              2 |
|  div_inst/CL                          |               | cnt/FF2/cur_state_reg_LDC_i_1__0_n_0 |                1 |              2 |
|  div_inst/CL                          |               | cnt/FF1/cur_state_reg_LDC_i_2__1_n_0 |                1 |              2 |
|  div_inst/CL                          |               | cnt/FF2/cur_state_reg_LDC_i_2__0_n_0 |                1 |              2 |
|  div_inst/CL                          |               | cnt/FF3/cur_state_reg_LDC_i_2_n_0    |                1 |              2 |
|  div_inst/CL                          |               | cnt/FF3/cur_state_reg_LDC_i_1_n_0    |                1 |              2 |
|  cnt/FF3/cur_state_reg_LDC_i_1_n_0    |               | cnt/FF3/cur_state_reg_LDC_i_2_n_0    |                1 |              2 |
|  clk_200mhz_BUFG                      |               |                                      |                1 |              4 |
|  clk_200mhz_BUFG                      |               | div_inst/holder                      |                8 |             62 |
+---------------------------------------+---------------+--------------------------------------+------------------+----------------+


