Project Information         d:\bsuir\bsuirlabs\5sem\sifo\lab1\1\kazachenko.rpt

MAX+plus II Compiler Report File
Version 10.0 9/14/2000
Compiled: 09/11/2024 11:40:46

Copyright (C) 1988-2000 Altera Corporation
Any megafunction design, and related net list (encrypted or decrypted),
support information, device programming or simulation file, and any other
associated documentation or information provided by Altera or a partner
under Altera's Megafunction Partnership Program may be used only to
program PLD devices (but not masked PLD devices) from Altera.  Any other
use of such megafunction design, net list, support information, device
programming or simulation file, or any other related documentation or
information is prohibited for any other purpose, including, but not
limited to modification, reverse engineering, de-compiling, or use with
any other silicon devices, unless such use is explicitly licensed under
a separate agreement with Altera or a megafunction partner.  Title to
the intellectual property, including patents, copyrights, trademarks,
trade secrets, or maskworks, embodied in any such megafunction design,
net list, support information, device programming or simulation file, or
any other related documentation or information provided by Altera or a
megafunction partner, remains with Altera, the megafunction partner, or
their respective licensors.  No other licenses, including any licenses
needed under any third party's intellectual property, are provided herein.



***** Project compilation was successful




** DEVICE SUMMARY **

Chip/                     Input   Output   Bidir         Shareable
POF       Device          Pins    Pins     Pins     LCs  Expanders  % Utilized

kazachenko
      EPM7032LC44-6        11       1        0      4       0           12 %

User Pins:                 11       1        0  



Project Information         d:\bsuir\bsuirlabs\5sem\sifo\lab1\1\kazachenko.rpt

** FILE HIERARCHY **



|xor8:35|


Device-Specific Information:d:\bsuir\bsuirlabs\5sem\sifo\lab1\1\kazachenko.rpt
kazachenko

***** Logic for device 'kazachenko' compiled without errors.




Device: EPM7032LC44-6

Device Options:
    Turbo Bit                                    = ON
    Security Bit                                 = OFF

                                            R  
                                            E  
                                            S  
                                            E  
                                            R  
                       V  G  G  G  G  G     V  
              x  x  c  C  N  N  N  N  N     E  
              2  3  0  C  D  D  D  D  D  y  D  
            -----------------------------------_ 
          /   6  5  4  3  2  1 44 43 42 41 40   | 
      x1 |  7                                39 | RESERVED 
      c7 |  8                                38 | RESERVED 
      c6 |  9                                37 | RESERVED 
     GND | 10                                36 | RESERVED 
      c5 | 11                                35 | VCC 
      c4 | 12         EPM7032LC44-6          34 | RESERVED 
      c3 | 13                                33 | RESERVED 
      c2 | 14                                32 | RESERVED 
     VCC | 15                                31 | RESERVED 
      c1 | 16                                30 | GND 
RESERVED | 17                                29 | RESERVED 
         |_  18 19 20 21 22 23 24 25 26 27 28  _| 
           ------------------------------------ 
              R  R  R  R  G  V  R  R  R  R  R  
              E  E  E  E  N  C  E  E  E  E  E  
              S  S  S  S  D  C  S  S  S  S  S  
              E  E  E  E        E  E  E  E  E  
              R  R  R  R        R  R  R  R  R  
              V  V  V  V        V  V  V  V  V  
              E  E  E  E        E  E  E  E  E  
              D  D  D  D        D  D  D  D  D  


N.C. = No Connect. This pin has no internal connection to the device.
VCC = Dedicated power pin, which MUST be connected to VCC.
GND = Dedicated ground pin or unused dedicated input, which MUST be connected to GND.
RESERVED = Unused I/O pin, which MUST be left unconnected.



Device-Specific Information:d:\bsuir\bsuirlabs\5sem\sifo\lab1\1\kazachenko.rpt
kazachenko

** RESOURCE USAGE **

                                                Shareable     External
Logic Array Block     Logic Cells   I/O Pins    Expanders   Interconnect

A:     LC1 - LC16     0/16(  0%)  11/16( 68%)   0/16(  0%)   0/36(  0%) 
B:    LC17 - LC32     4/16( 25%)   1/16(  6%)   1/16(  6%)  14/36( 38%) 


Total dedicated input pins used:                 0/4      (  0%)
Total I/O pins used:                            12/32     ( 37%)
Total logic cells used:                          4/32     ( 12%)
Total shareable expanders used:                  0/32     (  0%)
Total Turbo logic cells used:                    4/32     ( 12%)
Total shareable expanders not available (n/a):   1/32     (  3%)
Average fan-in:                                  4.75
Total fan-in:                                    19

Total input pins required:                      11
Total output pins required:                      1
Total bidirectional pins required:               0
Total logic cells required:                      4
Total flipflops required:                        0
Total product terms required:                   15
Total logic cells lending parallel expanders:    0
Total shareable expanders in database:           0

Synthesized logic cells:                         0/  32   (  0%)



Device-Specific Information:d:\bsuir\bsuirlabs\5sem\sifo\lab1\1\kazachenko.rpt
kazachenko

** INPUTS **

                                         Shareable
                                         Expanders     Fan-In    Fan-Out
 Pin     LC  LAB  Primitive    Code   Total Shared n/a INP  FBK  OUT  FBK  Name
   4    (1)  (A)      INPUT               0      0   0    0    0    0    1  c0
  16   (11)  (A)      INPUT               0      0   0    0    0    0    1  c1
  14   (10)  (A)      INPUT               0      0   0    0    0    0    1  c2
  13    (9)  (A)      INPUT               0      0   0    0    0    0    1  c3
  12    (8)  (A)      INPUT               0      0   0    0    0    0    1  c4
  11    (7)  (A)      INPUT               0      0   0    0    0    0    1  c5
   9    (6)  (A)      INPUT               0      0   0    0    0    0    1  c6
   8    (5)  (A)      INPUT               0      0   0    0    0    0    1  c7
   7    (4)  (A)      INPUT               0      0   0    0    0    0    3  x1
   6    (3)  (A)      INPUT               0      0   0    0    0    0    3  x2
   5    (2)  (A)      INPUT               0      0   0    0    0    0    2  x3


Code:

s = Synthesized pin or logic cell
t = Turbo logic cell
+ = Synchronous flipflop
! = NOT gate push-back
r = Fitter-inserted logic cell


Device-Specific Information:d:\bsuir\bsuirlabs\5sem\sifo\lab1\1\kazachenko.rpt
kazachenko

** OUTPUTS **

                                         Shareable
                                         Expanders     Fan-In    Fan-Out
 Pin     LC  LAB  Primitive    Code   Total Shared n/a INP  FBK  OUT  FBK  Name
  41     17    B     OUTPUT      t        0      0   0    0    3    0    0  y


Code:

s = Synthesized pin or logic cell
t = Turbo logic cell
+ = Synchronous flipflop
! = NOT gate push-back
r = Fitter-inserted logic cell


Device-Specific Information:d:\bsuir\bsuirlabs\5sem\sifo\lab1\1\kazachenko.rpt
kazachenko

** BURIED LOGIC **

                                         Shareable
                                         Expanders     Fan-In    Fan-Out
 Pin     LC  LAB  Primitive    Code   Total Shared n/a INP  FBK  OUT  FBK  Name
 (39)    19    B       SOFT      t        0      0   0    6    0    1    0  |XOR8:35|:49
 (38)    20    B       SOFT      t        0      0   0    5    0    1    0  |XOR8:35|:52
 (37)    21    B       SOFT      t        1      0   1    5    0    1    0  |XOR8:35|:53


Code:

s = Synthesized pin or logic cell
t = Turbo logic cell
+ = Synchronous flipflop
! = NOT gate push-back
r = Fitter-inserted logic cell


Device-Specific Information:d:\bsuir\bsuirlabs\5sem\sifo\lab1\1\kazachenko.rpt
kazachenko

** LOGIC CELL INTERCONNECTIONS **

Logic Array Block 'B':

                 Logic cells placed in LAB 'B'
        +------- LC19 |XOR8:35|:49
        | +----- LC20 |XOR8:35|:52
        | | +--- LC21 |XOR8:35|:53
        | | | +- LC17 y
        | | | | 
        | | | |   Other LABs fed by signals
        | | | |   that feed LAB 'B'
LC      | | | | | A B |     Logic cells that feed LAB 'B':
LC19 -> - - - * | - * | <-- |XOR8:35|:49
LC20 -> - - - * | - * | <-- |XOR8:35|:52
LC21 -> - - - * | - * | <-- |XOR8:35|:53

Pin
4    -> - - * - | - * | <-- c0
16   -> - - * - | - * | <-- c1
14   -> - - * - | - * | <-- c2
13   -> * - - - | - * | <-- c3
12   -> * - - - | - * | <-- c4
11   -> * - - - | - * | <-- c5
9    -> - * - - | - * | <-- c6
8    -> - * - - | - * | <-- c7
7    -> * * * - | - * | <-- x1
6    -> * * * - | - * | <-- x2
5    -> * * - - | - * | <-- x3


* = The logic cell or pin is an input to the logic cell (or LAB) through the PIA.
- = The logic cell or pin is not an input to the logic cell (or LAB).


Device-Specific Information:d:\bsuir\bsuirlabs\5sem\sifo\lab1\1\kazachenko.rpt
kazachenko

** EQUATIONS **

c0       : INPUT;
c1       : INPUT;
c2       : INPUT;
c3       : INPUT;
c4       : INPUT;
c5       : INPUT;
c6       : INPUT;
c7       : INPUT;
x1       : INPUT;
x2       : INPUT;
x3       : INPUT;

-- Node name is 'y' 
-- Equation name is 'y', location is LC017, type is output.
 y       = LCELL( _EQ001 $  _LC020);
  _EQ001 = !_LC019 &  _LC021
         #  _LC019 & !_LC021;

-- Node name is '|XOR8:35|:49' 
-- Equation name is '_LC019', type is buried 
_LC019   = LCELL( _EQ002 $  _EQ003);
  _EQ002 = !c4 &  c5 &  x1 &  x3
         #  c4 & !x1 &  x3
         #  c4 & !c5 &  x3;
  _EQ003 =  c3 &  x1 &  x2;

-- Node name is '|XOR8:35|:52' 
-- Equation name is '_LC020', type is buried 
_LC020   = LCELL( _EQ004 $  GND);
  _EQ004 = !c6 &  c7 &  x1 &  x2 &  x3
         #  c6 & !x1 &  x2 &  x3
         #  c6 & !c7 &  x2 &  x3;

-- Node name is '|XOR8:35|:53' 
-- Equation name is '_LC021', type is buried 
_LC021   = LCELL( _EQ005 $  c0);
  _EQ005 =  c1 &  x1 & !x2
         #  c1 & !c2 &  x1
         # !c1 &  c2 &  x2
         #  c2 & !x1 &  x2;



--     Shareable expanders that are duplicated in multiple LABs:
--     (none)




Project Information         d:\bsuir\bsuirlabs\5sem\sifo\lab1\1\kazachenko.rpt

** COMPILATION SETTINGS & TIMES **

Processing Menu Commands
------------------------

Design Doctor                             = off

Logic Synthesis:

   Synthesis Type Used                    = Standard

   Default Synthesis Style                = NORMAL

      Logic option settings in 'NORMAL' style for 'MAX7000' family

      DECOMPOSE_GATES                     = on
      DUPLICATE_LOGIC_EXTRACTION          = on
      MINIMIZATION                        = full
      MULTI_LEVEL_FACTORING               = on
      NOT_GATE_PUSH_BACK                  = on
      PARALLEL_EXPANDERS                  = off
      REDUCE_LOGIC                        = on
      REFACTORIZATION                     = on
      REGISTER_OPTIMIZATION               = on
      RESYNTHESIZE_NETWORK                = on
      SLOW_SLEW_RATE                      = off
      SOFT_BUFFER_INSERTION               = on
      SUBFACTOR_EXTRACTION                = on
      TURBO_BIT                           = on
      XOR_SYNTHESIS                       = on
      IGNORE_SOFT_BUFFERS                 = off
      USE_LPM_FOR_AHDL_OPERATORS          = off

   Other logic synthesis settings:

      Automatic Global Clock              = on
      Automatic Global Clear              = on
      Automatic Global Preset             = on
      Automatic Global Output Enable      = on
      Automatic Fast I/O                  = off
      Automatic Register Packing          = off
      Automatic Open-Drain Pins           = on
      Automatic Implement in EAB          = off
      One-Hot State Machine Encoding      = off
      Optimize                            = 5

Default Timing Specifications: None

Cut All Bidir Feedback Timing Paths       = on
Cut All Clear & Preset Timing Paths       = on

Ignore Timing Assignments                 = off

Functional SNF Extractor                  = off

Linked SNF Extractor                      = off
Timing SNF Extractor                      = on
Optimize Timing SNF                       = off
Generate AHDL TDO File                    = off
Fitter Settings                           = NORMAL
Smart Recompile                           = off
Total Recompile                           = off

Interfaces Menu Commands
------------------------

EDIF Netlist Writer                       = off
Verilog Netlist Writer                    = off
VHDL Netlist Writer                       = off

Compilation Times
-----------------

   Compiler Netlist Extractor             00:00:00
   Database Builder                       00:00:00
   Logic Synthesizer                      00:00:00
   Partitioner                            00:00:00
   Fitter                                 00:00:00
   Timing SNF Extractor                   00:00:00
   Assembler                              00:00:00
   --------------------------             --------
   Total Time                             00:00:00


Memory Allocated
-----------------

Peak memory allocated during compilation  = 3,272K
