Project Information                          d:\altera-workspace\lab04\dc4.rpt

MAX+plus II Compiler Report File
Version 10.0 9/14/2000
Compiled: 11/14/2024 15:11:38

Copyright (C) 1988-2000 Altera Corporation
Any megafunction design, and related net list (encrypted or decrypted),
support information, device programming or simulation file, and any other
associated documentation or information provided by Altera or a partner
under Altera's Megafunction Partnership Program may be used only to
program PLD devices (but not masked PLD devices) from Altera.  Any other
use of such megafunction design, net list, support information, device
programming or simulation file, or any other related documentation or
information is prohibited for any other purpose, including, but not
limited to modification, reverse engineering, de-compiling, or use with
any other silicon devices, unless such use is explicitly licensed under
a separate agreement with Altera or a megafunction partner.  Title to
the intellectual property, including patents, copyrights, trademarks,
trade secrets, or maskworks, embodied in any such megafunction design,
net list, support information, device programming or simulation file, or
any other related documentation or information provided by Altera or a
megafunction partner, remains with Altera, the megafunction partner, or
their respective licensors.  No other licenses, including any licenses
needed under any third party's intellectual property, are provided herein.



***** Project compilation was successful




** DEVICE SUMMARY **

Chip/                     Input   Output   Bidir         Shareable
POF       Device          Pins    Pins     Pins     LCs  Expanders  % Utilized

dc4       EPM7032LC44-6    4        16       0      16      0           50 %

User Pins:                 4        16       0  



Device-Specific Information:                 d:\altera-workspace\lab04\dc4.rpt
dc4

***** Logic for device 'dc4' compiled without errors.




Device: EPM7032LC44-6

Device Options:
    Turbo Bit                                    = ON
    Security Bit                                 = OFF

                                               
                                               
                                               
              S  S  S                          
              E  E  E                          
              L  L  L  V  G  G  G  G  G        
              C  C  C  C  N  N  N  N  N  O  O  
              1  2  3  C  D  D  D  D  D  8  6  
            -----------------------------------_ 
          /   6  5  4  3  2  1 44 43 42 41 40   | 
   SELC0 |  7                                39 | O0 
RESERVED |  8                                38 | O9 
RESERVED |  9                                37 | O10 
     GND | 10                                36 | O11 
RESERVED | 11                                35 | VCC 
RESERVED | 12         EPM7032LC44-6          34 | O12 
RESERVED | 13                                33 | O13 
RESERVED | 14                                32 | O14 
     VCC | 15                                31 | O15 
RESERVED | 16                                30 | GND 
RESERVED | 17                                29 | O7 
         |_  18 19 20 21 22 23 24 25 26 27 28  _| 
           ------------------------------------ 
              R  R  R  R  G  V  O  O  O  O  O  
              E  E  E  E  N  C  4  2  1  5  3  
              S  S  S  S  D  C                 
              E  E  E  E                       
              R  R  R  R                       
              V  V  V  V                       
              E  E  E  E                       
              D  D  D  D                       


N.C. = No Connect. This pin has no internal connection to the device.
VCC = Dedicated power pin, which MUST be connected to VCC.
GND = Dedicated ground pin or unused dedicated input, which MUST be connected to GND.
RESERVED = Unused I/O pin, which MUST be left unconnected.



Device-Specific Information:                 d:\altera-workspace\lab04\dc4.rpt
dc4

** RESOURCE USAGE **

                                                Shareable     External
Logic Array Block     Logic Cells   I/O Pins    Expanders   Interconnect

A:     LC1 - LC16     0/16(  0%)   4/16( 25%)   0/16(  0%)   0/36(  0%) 
B:    LC17 - LC32    16/16(100%)  16/16(100%)   0/16(  0%)   4/36( 11%) 


Total dedicated input pins used:                 0/4      (  0%)
Total I/O pins used:                            20/32     ( 62%)
Total logic cells used:                         16/32     ( 50%)
Total shareable expanders used:                  0/32     (  0%)
Total Turbo logic cells used:                   16/32     ( 50%)
Total shareable expanders not available (n/a):   0/32     (  0%)
Average fan-in:                                  4.00
Total fan-in:                                    64

Total input pins required:                       4
Total output pins required:                     16
Total bidirectional pins required:               0
Total logic cells required:                     16
Total flipflops required:                        0
Total product terms required:                   16
Total logic cells lending parallel expanders:    0
Total shareable expanders in database:           0

Synthesized logic cells:                         0/  32   (  0%)



Device-Specific Information:                 d:\altera-workspace\lab04\dc4.rpt
dc4

** INPUTS **

                                         Shareable
                                         Expanders     Fan-In    Fan-Out
 Pin     LC  LAB  Primitive    Code   Total Shared n/a INP  FBK  OUT  FBK  Name
   7    (4)  (A)      INPUT               0      0   0    0    0   16    0  SELC0
   6    (3)  (A)      INPUT               0      0   0    0    0   16    0  SELC1
   5    (2)  (A)      INPUT               0      0   0    0    0   16    0  SELC2
   4    (1)  (A)      INPUT               0      0   0    0    0   16    0  SELC3


Code:

s = Synthesized pin or logic cell
t = Turbo logic cell
+ = Synchronous flipflop
! = NOT gate push-back
r = Fitter-inserted logic cell


Device-Specific Information:                 d:\altera-workspace\lab04\dc4.rpt
dc4

** OUTPUTS **

                                         Shareable
                                         Expanders     Fan-In    Fan-Out
 Pin     LC  LAB  Primitive    Code   Total Shared n/a INP  FBK  OUT  FBK  Name
  39     19    B     OUTPUT      t        0      0   0    4    0    0    0  O0
  26     30    B     OUTPUT      t        0      0   0    4    0    0    0  O1
  25     31    B     OUTPUT      t        0      0   0    4    0    0    0  O2
  28     28    B     OUTPUT      t        0      0   0    4    0    0    0  O3
  24     32    B     OUTPUT      t        0      0   0    4    0    0    0  O4
  27     29    B     OUTPUT      t        0      0   0    4    0    0    0  O5
  40     18    B     OUTPUT      t        0      0   0    4    0    0    0  O6
  29     27    B     OUTPUT      t        0      0   0    4    0    0    0  O7
  41     17    B     OUTPUT      t        0      0   0    4    0    0    0  O8
  38     20    B     OUTPUT      t        0      0   0    4    0    0    0  O9
  37     21    B     OUTPUT      t        0      0   0    4    0    0    0  O10
  36     22    B     OUTPUT      t        0      0   0    4    0    0    0  O11
  34     23    B     OUTPUT      t        0      0   0    4    0    0    0  O12
  33     24    B     OUTPUT      t        0      0   0    4    0    0    0  O13
  32     25    B     OUTPUT      t        0      0   0    4    0    0    0  O14
  31     26    B     OUTPUT      t        0      0   0    4    0    0    0  O15


Code:

s = Synthesized pin or logic cell
t = Turbo logic cell
+ = Synchronous flipflop
! = NOT gate push-back
r = Fitter-inserted logic cell


Device-Specific Information:                 d:\altera-workspace\lab04\dc4.rpt
dc4

** LOGIC CELL INTERCONNECTIONS **

Logic Array Block 'B':

                                         Logic cells placed in LAB 'B'
        +------------------------------- LC19 O0
        | +----------------------------- LC30 O1
        | | +--------------------------- LC31 O2
        | | | +------------------------- LC28 O3
        | | | | +----------------------- LC32 O4
        | | | | | +--------------------- LC29 O5
        | | | | | | +------------------- LC18 O6
        | | | | | | | +----------------- LC27 O7
        | | | | | | | | +--------------- LC17 O8
        | | | | | | | | | +------------- LC20 O9
        | | | | | | | | | | +----------- LC21 O10
        | | | | | | | | | | | +--------- LC22 O11
        | | | | | | | | | | | | +------- LC23 O12
        | | | | | | | | | | | | | +----- LC24 O13
        | | | | | | | | | | | | | | +--- LC25 O14
        | | | | | | | | | | | | | | | +- LC26 O15
        | | | | | | | | | | | | | | | | 
        | | | | | | | | | | | | | | | |   Other LABs fed by signals
        | | | | | | | | | | | | | | | |   that feed LAB 'B'
LC      | | | | | | | | | | | | | | | | | A B |     Logic cells that feed LAB 'B':

Pin
7    -> * * * * * * * * * * * * * * * * | - * | <-- SELC0
6    -> * * * * * * * * * * * * * * * * | - * | <-- SELC1
5    -> * * * * * * * * * * * * * * * * | - * | <-- SELC2
4    -> * * * * * * * * * * * * * * * * | - * | <-- SELC3


* = The logic cell or pin is an input to the logic cell (or LAB) through the PIA.
- = The logic cell or pin is not an input to the logic cell (or LAB).


Device-Specific Information:                 d:\altera-workspace\lab04\dc4.rpt
dc4

** EQUATIONS **

SELC0    : INPUT;
SELC1    : INPUT;
SELC2    : INPUT;
SELC3    : INPUT;

-- Node name is 'O0' 
-- Equation name is 'O0', location is LC019, type is output.
 O0      = LCELL( _EQ001 $  GND);
  _EQ001 = !SELC0 & !SELC1 & !SELC2 & !SELC3;

-- Node name is 'O1' 
-- Equation name is 'O1', location is LC030, type is output.
 O1      = LCELL( _EQ002 $  GND);
  _EQ002 =  SELC0 & !SELC1 & !SELC2 & !SELC3;

-- Node name is 'O2' 
-- Equation name is 'O2', location is LC031, type is output.
 O2      = LCELL( _EQ003 $  GND);
  _EQ003 = !SELC0 &  SELC1 & !SELC2 & !SELC3;

-- Node name is 'O3' 
-- Equation name is 'O3', location is LC028, type is output.
 O3      = LCELL( _EQ004 $  GND);
  _EQ004 =  SELC0 &  SELC1 & !SELC2 & !SELC3;

-- Node name is 'O4' 
-- Equation name is 'O4', location is LC032, type is output.
 O4      = LCELL( _EQ005 $  GND);
  _EQ005 = !SELC0 & !SELC1 &  SELC2 & !SELC3;

-- Node name is 'O5' 
-- Equation name is 'O5', location is LC029, type is output.
 O5      = LCELL( _EQ006 $  GND);
  _EQ006 =  SELC0 & !SELC1 &  SELC2 & !SELC3;

-- Node name is 'O6' 
-- Equation name is 'O6', location is LC018, type is output.
 O6      = LCELL( _EQ007 $  GND);
  _EQ007 = !SELC0 &  SELC1 &  SELC2 & !SELC3;

-- Node name is 'O7' 
-- Equation name is 'O7', location is LC027, type is output.
 O7      = LCELL( _EQ008 $  GND);
  _EQ008 =  SELC0 &  SELC1 &  SELC2 & !SELC3;

-- Node name is 'O8' 
-- Equation name is 'O8', location is LC017, type is output.
 O8      = LCELL( _EQ009 $  GND);
  _EQ009 = !SELC0 & !SELC1 & !SELC2 &  SELC3;

-- Node name is 'O9' 
-- Equation name is 'O9', location is LC020, type is output.
 O9      = LCELL( _EQ010 $  GND);
  _EQ010 =  SELC0 & !SELC1 & !SELC2 &  SELC3;

-- Node name is 'O10' 
-- Equation name is 'O10', location is LC021, type is output.
 O10     = LCELL( _EQ011 $  GND);
  _EQ011 = !SELC0 &  SELC1 & !SELC2 &  SELC3;

-- Node name is 'O11' 
-- Equation name is 'O11', location is LC022, type is output.
 O11     = LCELL( _EQ012 $  GND);
  _EQ012 =  SELC0 &  SELC1 & !SELC2 &  SELC3;

-- Node name is 'O12' 
-- Equation name is 'O12', location is LC023, type is output.
 O12     = LCELL( _EQ013 $  GND);
  _EQ013 = !SELC0 & !SELC1 &  SELC2 &  SELC3;

-- Node name is 'O13' 
-- Equation name is 'O13', location is LC024, type is output.
 O13     = LCELL( _EQ014 $  GND);
  _EQ014 =  SELC0 & !SELC1 &  SELC2 &  SELC3;

-- Node name is 'O14' 
-- Equation name is 'O14', location is LC025, type is output.
 O14     = LCELL( _EQ015 $  GND);
  _EQ015 = !SELC0 &  SELC1 &  SELC2 &  SELC3;

-- Node name is 'O15' 
-- Equation name is 'O15', location is LC026, type is output.
 O15     = LCELL( _EQ016 $  GND);
  _EQ016 =  SELC0 &  SELC1 &  SELC2 &  SELC3;



--     Shareable expanders that are duplicated in multiple LABs:
--     (none)




Project Information                          d:\altera-workspace\lab04\dc4.rpt

** COMPILATION SETTINGS & TIMES **

Processing Menu Commands
------------------------

Design Doctor                             = off

Logic Synthesis:

   Synthesis Type Used                    = Standard

   Default Synthesis Style                = NORMAL

      Logic option settings in 'NORMAL' style for 'MAX7000' family

      DECOMPOSE_GATES                     = on
      DUPLICATE_LOGIC_EXTRACTION          = on
      MINIMIZATION                        = full
      MULTI_LEVEL_FACTORING               = on
      NOT_GATE_PUSH_BACK                  = on
      PARALLEL_EXPANDERS                  = off
      REDUCE_LOGIC                        = on
      REFACTORIZATION                     = on
      REGISTER_OPTIMIZATION               = on
      RESYNTHESIZE_NETWORK                = on
      SLOW_SLEW_RATE                      = off
      SOFT_BUFFER_INSERTION               = on
      SUBFACTOR_EXTRACTION                = on
      TURBO_BIT                           = on
      XOR_SYNTHESIS                       = on
      IGNORE_SOFT_BUFFERS                 = off
      USE_LPM_FOR_AHDL_OPERATORS          = off

   Other logic synthesis settings:

      Automatic Global Clock              = on
      Automatic Global Clear              = on
      Automatic Global Preset             = on
      Automatic Global Output Enable      = on
      Automatic Fast I/O                  = off
      Automatic Register Packing          = off
      Automatic Open-Drain Pins           = on
      Automatic Implement in EAB          = off
      One-Hot State Machine Encoding      = off
      Optimize                            = 5

Default Timing Specifications: None

Cut All Bidir Feedback Timing Paths       = on
Cut All Clear & Preset Timing Paths       = on

Ignore Timing Assignments                 = off

Functional SNF Extractor                  = off

Linked SNF Extractor                      = off
Timing SNF Extractor                      = on
Optimize Timing SNF                       = off
Generate AHDL TDO File                    = off
Fitter Settings                           = NORMAL
Smart Recompile                           = off
Total Recompile                           = off

Interfaces Menu Commands
------------------------

EDIF Netlist Writer                       = off
Verilog Netlist Writer                    = off
VHDL Netlist Writer                       = off

Compilation Times
-----------------

   Compiler Netlist Extractor             00:00:00
   Database Builder                       00:00:00
   Logic Synthesizer                      00:00:00
   Partitioner                            00:00:00
   Fitter                                 00:00:00
   Timing SNF Extractor                   00:00:00
   Assembler                              00:00:00
   --------------------------             --------
   Total Time                             00:00:00


Memory Allocated
-----------------

Peak memory allocated during compilation  = 2,832K
